1
lands
200
C:\U\hill.png
479
6414
100
False
False
1
1
C:\U\hill.png
279
6412
90
False
False
1
1
C:\U\hill.png
84
6363
60
False
False
1
1
C:\U\hill.png
643
6291
-15
False
False
1
1
C:\U\hill.png
25
6188
15
False
False
1
1
C:\U\plant_0.png
98
6290
0
False
False
1
1
C:\U\hill.png
660
6074
-15
False
False
1
1
C:\U\hill.png
-41
5995
15
False
False
1
1
C:\U\crater_0.png
150
6322
0
False
False
1
1
C:\U\crater_0.png
561
6247
0
False
False
1
1
C:\U\canyon.png
632
5638
15
False
False
1
1
C:\U\crater_2.png
-4
5638
0
False
False
1
1
C:\U\crater_0.png
471
5787
0
False
False
1
1
C:\U\crater_0.png
180
5971
0
False
False
1
1
C:\U\crater_0.png
131
5906
0
False
False
0.75
0.75
C:\U\crater_1.png
559
5992
0
False
False
1
1
C:\U\crater_1.png
91
5610
0
False
False
0.75
0.75
C:\U\aerolite.png
36
5563
0
False
False
1
1
C:\U\crater_1.png
607
5442
0
False
False
1
1
C:\U\aerolite.png
563
6354
0
False
False
0.75
0.75
C:\U\plant_0.png
569
6322
0
False
False
1
1
C:\U\hill.png
446
5385
15
False
False
0.75
0.75
C:\U\crater_1.png
286
5299
0
False
False
1
1
C:\U\hill.png
15
5211
0
False
False
1
1
C:\U\comer.png
42
5074
0
False
False
1
1
C:\U\alien_tower.png
97
5175
0
False
False
1
1
C:\U\crater_0.png
55
5369
0
False
False
1
1
C:\U\crater_0.png
548
5478
0
False
False
0.5
0.5
C:\U\crater_0.png
313
5582
0
False
False
0.75
0.75
C:\U\crater_2.png
586
5064
0
False
False
1
1
C:\U\plant_0.png
47
5512
0
False
False
1
1
C:\U\hill.png
648
5841
0
False
False
1
1
C:\U\hill.png
555
5644
15
False
False
0.5
0.5
C:\U\plant_0.png
602
5737
0
False
False
1
1
C:\U\crater_0.png
71
4913
0
False
False
1
1
C:\U\crater_0.png
501
5002
0
False
False
1
1
C:\U\crater_0.png
519
5140
0
False
False
0.5
0.5
C:\U\crater_1.png
39
4855
0
False
False
1.25
1.25
C:\U\cover.png
535
5237
0
False
False
1
1
C:\U\hill.png
376
5214
15
False
False
1
1
C:\U\plant_0.png
396
5124
0
False
False
1
1
C:\U\hill.png
287
4995
15
False
False
1.25
1.25
C:\U\aerolite.png
287
4847
0
False
False
1
1
C:\U\alien_tower.png
446
5282
0
False
False
1
1
C:\U\crater_1.png
638
4801
0
False
False
1
1
C:\U\hill.png
627
4665
-15
False
False
1
1
C:\U\canyon.png
113
4700
0
False
False
1
1
C:\U\comer.png
587
4528
0
False
False
1
1
C:\U\satellite.png
458
4718
0
False
False
1
1
C:\U\crater_1.png
364
4768
0
False
False
1
1
C:\U\hill.png
652
4429
0
False
False
1
1
C:\U\hill.png
590
4211
10
False
False
1
1
C:\U\hill.png
468
4027
30
False
False
1
1
C:\U\plant_0.png
564
4094
0
False
False
1
1
C:\U\crater_1.png
467
4247
0
False
False
1
1
C:\U\hill.png
292
3884
45
False
False
1
1
C:\U\hill.png
81
3790
60
False
False
1
1
C:\U\aerolite.png
206
3793
0
False
False
1
1
C:\U\comer.png
161
3714
0
False
False
1
1
C:\U\crater_2.png
138
4268
0
False
False
1
1
C:\U\aerolite.png
122
4292
0
False
False
0.5
0.5
C:\U\alien_tower.png
80
4184
0
False
False
1
1
C:\U\plant_0.png
55
4563
0
False
False
1
1
C:\U\cover.png
611
3999
0
False
False
1
1
C:\U\crater_0.png
232
4410
0
False
False
1
1
C:\U\crater_0.png
500
4563
0
False
False
0.5
0.5
C:\U\crater_1.png
12
4000
0
False
False
1
1
C:\U\crater_0.png
308
3980
0
False
False
1
1
C:\U\plant_0.png
547
4043
0
False
False
1
1
C:\U\alien_tower.png
435
3909
0
False
False
1
1
C:\U\crater_1.png
414
3665
0
False
False
1
1
C:\U\hill.png
-24
3606
0
False
False
1
1
C:\U\hill.png
-44
3409
15
False
False
1
1
C:\U\cover.png
40
3674
0
False
False
1
1
C:\U\crater_2.png
644
3810
0
False
False
1
1
C:\U\crater_0.png
100
3562
0
False
False
1
1
C:\U\crater_0.png
537
3690
0
False
False
0.75
0.75
C:\U\canyon.png
569
3497
15
False
False
1.25
1.25
C:\U\comer.png
517
3478
0
False
False
1
1
C:\U\crater_2.png
297
3231
15
False
False
0.75
0.75
C:\U\crater_0.png
304
3374
0
False
False
1
1
C:\U\crater_0.png
137
3249
0
False
False
1
1
C:\U\crater_0.png
228
3526
0
False
False
0.75
0.75
C:\U\crater_1.png
574
3905
0
False
False
0.5
0.5
C:\U\crater_1.png
581
3121
0
False
False
1
1
C:\U\canyon.png
17
3078
0
False
False
1
1
C:\U\alien_tower.png
73
3095
0
False
False
1
1
C:\U\crater_2.png
414
3042
0
False
False
1
1
C:\U\aerolite.png
405
3057
0
False
False
1
1
C:\U\plant_0.png
345
3023
0
False
False
1
1
C:\U\hill.png
438
3364
0
False
False
0.75
0.75
C:\U\comer.png
336
3421
0
False
False
1
1
C:\U\hill.png
507
2878
0
False
False
1
1
C:\U\hill.png
464
2669
0
False
False
1
1
C:\U\hill.png
564
2748
15
False
False
0.75
0.75
C:\U\comer.png
529
2575
0
False
False
1
1
C:\U\crater_2.png
631
2536
0
False
False
1
1
C:\U\crater_2.png
49
2411
0
False
False
1
1
C:\U\plant_0.png
93
2509
0
False
False
1
1
C:\U\crater_1.png
-6
2637
0
False
False
1
1
C:\U\crater_1.png
176
2830
0
False
False
0.75
0.75
C:\U\crater_0.png
264
2850
0
False
False
1
1
C:\U\crater_0.png
441
2491
0
False
False
1
1
C:\U\crater_0.png
232
2647
0
False
False
0.75
0.75
C:\U\alien_tower.png
441
2454
0
False
False
1
1
C:\U\aerolite.png
245
2306
0
False
False
0.5
0.5
C:\U\crater_1.png
564
2415
0
False
False
1
1
C:\U\crater_0.png
402
4202
0
False
False
0.75
0.75
C:\U\crater_1.png
424
4469
0
False
False
0.5
0.5
C:\U\satellite.png
317
2306
0
False
False
1
1
C:\U\crater_1.png
257
2112
0
False
False
0.66
0.66
C:\U\crater_0.png
449
2058
0
False
False
1
1
C:\U\crater_0.png
101
1938
0
False
False
1
1
C:\U\crater_0.png
601
2203
0
False
False
0.5
0.5
C:\U\crater_1.png
8
2106
0
False
False
1
1
C:\U\canyon.png
177
1964
-15
False
False
1
1
C:\U\hill.png
296
1859
0
False
False
1
1
C:\U\hill.png
222
1661
15
False
False
1
1
C:\U\hill.png
104
1497
30
False
False
1
1
C:\U\hill.png
-60
1364
45
False
False
1
1
C:\U\crater_0.png
75
1592
0
False
False
1
1
C:\U\aerolite.png
29
1644
0
False
False
1
1
C:\U\comer.png
44
1575
0
False
False
1
1
C:\U\alien_tower.png
198
1547
0
False
False
1
1
C:\U\plant_0.png
564
1695
0
False
False
1
1
C:\U\cover.png
588
1652
0
False
False
1
1
C:\U\plant_0.png
536
1646
0
False
False
1
1
C:\U\plant_0.png
611
1610
0
False
False
1
1
C:\U\crater_0.png
535
1576
0
False
False
1
1
C:\U\crater_2.png
589
1844
0
False
False
1
1
C:\U\plant_0.png
623
1784
0
False
False
1
1
C:\U\crater_0.png
254
1462
0
False
False
0.5
0.5
C:\U\crater_0.png
330
1712
0
False
False
1
1
C:\U\aerolite.png
296
1741
0
False
False
0.5
0.5
C:\U\alien_tower.png
299
1705
0
False
False
1
1
C:\U\crater_2.png
321
1420
0
False
False
0.75
0.75
C:\U\crater_1.png
634
1383
0
False
False
1
1
C:\U\plant_0.png
110
1409
0
False
False
1
1
C:\U\crater_0.png
488
1439
0
False
False
0.75
0.75
C:\U\crater_1.png
651
1676
0
False
False
1
1
C:\U\crater_0.png
140
1769
0
False
False
0.5
0.5
C:\U\plant_0.png
314
2008
0
False
False
1
1
C:\U\crater_1.png
650
2134
0
False
False
1
1
C:\U\comer.png
74
5649
0
False
False
1
1
C:\U\hill.png
187
1163
0
False
False
1
1
C:\U\hill.png
143
957
0
False
False
1
1
C:\U\aerolite.png
80
807
0
False
False
1
1
C:\U\comer.png
210
1032
0
False
False
1
1
C:\U\crater_2.png
12
1005
0
False
False
1
1
C:\U\crater_0.png
77
1197
0
False
False
1
1
C:\U\crater_0.png
21
899
0
False
False
0.75
0.75
C:\U\hill.png
529
1294
15
False
False
1
1
C:\U\hill.png
464
1104
0
False
False
1
1
C:\U\crater_2.png
610
789
0
False
False
1
1
C:\U\canyon.png
310
896
0
False
False
1.25
1.25
C:\U\crater_1.png
558
1080
0
False
False
0.75
0.75
C:\U\crater_0.png
524
921
0
False
False
1
1
C:\U\crater_1.png
353
1205
0
False
False
1
1
C:\U\alien_tower.png
534
1165
0
False
False
1
1
C:\U\plant_0.png
113
756
0
False
False
1
1
C:\U\cover.png
100
1160
0
False
False
1
1
C:\U\hill.png
415
929
0
False
False
0.75
0.75
C:\U\plant_0.png
386
842
0
False
False
1
1
C:\U\comer.png
462
870
0
False
False
1
1
C:\U\crater_0.png
607
988
0
False
False
0.5
0.5
C:\U\crater_0.png
98
1346
0
False
False
0.66
0.66
C:\U\canyon.png
563
693
-45
False
False
0.75
0.75
C:\U\hill.png
618
415
15
False
False
1
1
C:\U\hill.png
547
220
0
False
False
1
1
C:\U\hill.png
501
13
0
False
False
1
1
C:\U\hill.png
685
310
15
False
False
1
1
C:\U\hill.png
623
91
5
False
False
1
1
C:\U\plant_0.png
608
314
0
False
False
1
1
C:\U\plant_0.png
451
101
0
False
False
1
1
C:\U\comer.png
443
603
0
False
False
1
1
C:\U\crater_1.png
400
297
0
False
False
1
1
C:\U\hill.png
-16
440
-15
False
False
1
1
C:\U\hill.png
32
232
-15
False
False
1
1
C:\U\hill.png
40
36
-15
False
False
1
1
C:\U\crater_2.png
99
371
0
False
False
0.75
0.75
C:\U\plant_0.png
76
147
0
False
False
1
1
C:\U\plant_0.png
110
46
0
False
False
1
1
C:\U\canyon.png
199
45
0
False
False
1
1
C:\U\crater_0.png
261
614
0
False
False
1
1
C:\U\crater_1.png
8
567
0
False
False
1
1
C:\U\crater_0.png
268
62
0
False
False
1
1
C:\U\crater_0.png
228
256
0
False
False
0.75
0.75
C:\U\alien_tower.png
246
578
0
False
False
1
1
C:\U\crater_0.png
406
449
0
False
False
1
1
C:\U\crater_1.png
539
528
0
False
False
0.75
0.75
C:\U\crater_0.png
53
693
0
False
False
0.5
0.5
C:\U\comer.png
42
492
0
False
False
1
1
C:\U\crater_1.png
443
2294
0
False
False
0.5
0.5
C:\U\crater_0.png
353
2603
0
False
False
1
1
C:\U\crater_0.png
565
3203
0
False
False
0.75
0.75
C:\U\crater_0.png
56
3924
0
False
False
1
1
C:\U\crater_0.png
269
4589
0
False
False
1
1
C:\U\crater_0.png
554
4882
0
False
False
0.5
0.5
C:\U\alien_tower.png
497
4636
0
False
False
1
1
C:\U\comer.png
123
2284
0
False
False
1
1
